WARNING  root:base_request.py:56 should provide payload when sending request
WARNING  root:base_request.py:56 should provide payload when sending request
WARNING  root:base_request.py:56 should provide payload when sending request
